../Core/Src/main.c:86:5:main	8	static
../Core/Src/main.c:147:6:SystemClock_Config	80	static
../Core/Src/main.c:189:13:MX_ADC1_Init	24	static
../Core/Src/main.c:261:13:MX_DAC_Init	16	static
../Core/Src/main.c:301:13:MX_ETH_Init	8	static
../Core/Src/main.c:348:13:MX_USART3_UART_Init	8	static
../Core/Src/main.c:381:13:MX_USB_OTG_FS_PCD_Init	8	static
../Core/Src/main.c:413:13:MX_DMA_Init	16	static
../Core/Src/main.c:431:13:MX_GPIO_Init	56	static
../Core/Src/main.c:489:6:Error_Handler	4	static,ignoring_inline_asm
